Building DAG of jobs...
Using shell: /usr/bin/bash
Provided cores: 1 (use --cores to define parallelism)
Rules claiming more threads will be scaled down.
Job stats:
job      count
-----  -------
plot         1
total        1

Select jobs to execute...

[Mon Sep 14 10:24:16 2026]
rule plot:
    input: decay_observed.csv, plot.py
    output: figure.png
    jobid: 0
    reason: Missing output files: figure.png
    resources: tmpdir=/tmp

[Mon Sep 14 10:24:17 2026]
Finished job 0.
1 of 1 steps (100%) done
Complete log: .snakemake/log/2026-09-14T102415.708904.snakemake.log
